============================= test session starts =============================
platform win32 -- Python 3.14.0, pytest-9.0.1, pluggy-1.6.0
rootdir: C:\Users\bharg\Documents\HackSprint\SpendSense
plugins: hypothesis-6.148.7, cov-7.0.0
collected 1 item

tests\property\test_properties_loading.py F

================================== FAILURES ===================================
________________ test_csv_loading_preserves_all_valid_records _________________
  + Exception Group Traceback (most recent call last):
  |   File "C:\Users\bharg\Documents\HackSprint\SpendSense\tests\property\test_properties_loading.py", line 37, in test_csv_loading_preserves_all_valid_records
  |     @settings(max_examples=100)
  |                    ^^^
  |   File "C:\Users\bharg\AppData\Local\Programs\Python\Python314\Lib\site-packages\hypothesis\core.py", line 2234, in wrapped_test
  |     raise the_error_hypothesis_found
  | ExceptionGroup: Hypothesis found 2 distinct failures. (2 sub-exceptions)
  +-+---------------- 1 ----------------
    | Traceback (most recent call last):
    |   File "C:\Users\bharg\Documents\HackSprint\SpendSense\tests\property\test_properties_loading.py", line 49, in test_csv_loading_preserves_all_valid_records
    |     assert len(txns) == len(records)
    | AssertionError: assert 1 == 2
    |  +  where 1 = len([Transaction(txn_id='f728b4fa-4248-5e3a-0a5d-2f346baa9455', user_id='0', timestamp=datetime.datetime(2020, 1, 1, 0, 0)..., monthly_budget_remaining=0.0, device_id='0', location='0', channel='mobile_app', is_flagged=False, user_decision='')])
    |  +  and   2 = len([{'amount': 1.0, 'category': 'groceries', 'channel': 'mobile_app', 'device_id': '0', ...}, {'amount': 1.0, 'category': 'groceries', 'channel': 'mobile_app', 'device_id': '0', ...}])
    | Falsifying example: test_csv_loading_preserves_all_valid_records(
    |     records=[{'txn_id': 'e3e70682-c209-4cac-629f-6fbed82c07cd',
    |       'user_id': '0',
    |       'timestamp': '2020-01-01T00:00:00',
    |       'amount': 1.0,
    |       'category': 'groceries',
    |       'recipient_status': 'new',
    |       'monthly_budget_remaining': 0.0,
    |       'device_id': '0',
    |       'location': '\x85',
    |       'channel': 'mobile_app'},
    |      {'txn_id': 'f728b4fa-4248-5e3a-0a5d-2f346baa9455',
    |       'user_id': '0',
    |       'timestamp': '2020-01-01T00:00:00',
    |       'amount': 1.0,
    |       'category': 'groceries',
    |       'recipient_status': 'new',
    |       'monthly_budget_remaining': 0.0,
    |       'device_id': '0',
    |       'location': '0',
    |       'channel': 'mobile_app'}],
    | )
    +---------------- 2 ----------------
    | Traceback (most recent call last):
    |   File "C:\Users\bharg\Documents\HackSprint\SpendSense\tests\property\test_properties_loading.py", line 48, in test_csv_loading_preserves_all_valid_records
    |     txns = loader.load_from_csv(path)
    |   File "C:\Users\bharg\Documents\HackSprint\SpendSense\src\data_loader.py", line 47, in load_from_csv
    |     return self._process_records(records, file_path)
    |            ~~~~~~~~~~~~~~~~~~~~~^^^^^^^^^^^^^^^^^^^^
    |   File "C:\Users\bharg\Documents\HackSprint\SpendSense\src\data_loader.py", line 164, in _process_records
    |     raise ValueError(f"No valid transactions found in {source}")
    | ValueError: No valid transactions found in C:\Users\bharg\AppData\Local\Temp\tmp0imcvpcd.csv
    | Falsifying example: test_csv_loading_preserves_all_valid_records(
    |     records=[{'txn_id': 'e3e70682-c209-4cac-629f-6fbed82c07cd',
    |       'user_id': '0',
    |       'timestamp': '2020-01-01T00:00:00',
    |       'amount': 1.0,
    |       'category': 'groceries',
    |       'recipient_status': 'new',
    |       'monthly_budget_remaining': 0.0,
    |       'device_id': '0',
    |       'location': '\x85',
    |       'channel': 'mobile_app'}],
    | )
    +------------------------------------
------------------------------ Captured log call ------------------------------
WARNING  src.data_loader:data_loader.py:106 Missing required field 'location' in record e3e70682-c209-4cac-629f-6fbed82c07cd
WARNING  src.data_loader:data_loader.py:106 Missing required field 'location' in record e3e70682-c209-4cac-629f-6fbed82c07cd
WARNING  src.data_loader:data_loader.py:106 Missing required field 'location' in record e3e70682-c209-4cac-629f-6fbed82c07cd
WARNING  src.data_loader:data_loader.py:106 Missing required field 'location' in record e3e70682-c209-4cac-629f-6fbed82c07cd
=========================== short test summary info ===========================
FAILED tests/property/test_properties_loading.py::test_csv_loading_preserves_all_valid_records
============================== 1 failed in 1.49s ==============================
